[0.009s] Invoking command in '/home/chumohod/IJKbot/build/sts3215_driver': CMAKE_PREFIX_PATH=${CMAKE_PREFIX_PATH}:/opt/ros/jazzy DEBUGINFOD_URLS=https://debuginfod.ubuntu.com /opt/st/stm32cubeclt_1.22.0/CMake/bin/cmake --build /home/chumohod/IJKbot/build/sts3215_driver -- -j16 -l16
[0.043s] [100%] Built target sts3215_node
[0.047s] Invoked command in '/home/chumohod/IJKbot/build/sts3215_driver' returned '0': CMAKE_PREFIX_PATH=${CMAKE_PREFIX_PATH}:/opt/ros/jazzy DEBUGINFOD_URLS=https://debuginfod.ubuntu.com /opt/st/stm32cubeclt_1.22.0/CMake/bin/cmake --build /home/chumohod/IJKbot/build/sts3215_driver -- -j16 -l16
[0.050s] Invoking command in '/home/chumohod/IJKbot/build/sts3215_driver': CMAKE_PREFIX_PATH=${CMAKE_PREFIX_PATH}:/opt/ros/jazzy DEBUGINFOD_URLS=https://debuginfod.ubuntu.com /opt/st/stm32cubeclt_1.22.0/CMake/bin/cmake --install /home/chumohod/IJKbot/build/sts3215_driver
[0.052s] -- Install configuration: ""
[0.053s] -- Execute custom install script
[0.053s] -- Up-to-date symlink: /home/chumohod/IJKbot/install/sts3215_driver/lib/sts3215_driver/sts3215_node
[0.053s] -- Up-to-date symlink: /home/chumohod/IJKbot/install/sts3215_driver/share/ament_index/resource_index/package_run_dependencies/sts3215_driver
[0.053s] -- Up-to-date symlink: /home/chumohod/IJKbot/install/sts3215_driver/share/ament_index/resource_index/parent_prefix_path/sts3215_driver
[0.053s] -- Up-to-date symlink: /home/chumohod/IJKbot/install/sts3215_driver/share/sts3215_driver/environment/ament_prefix_path.sh
[0.053s] -- Up-to-date symlink: /home/chumohod/IJKbot/install/sts3215_driver/share/sts3215_driver/environment/ament_prefix_path.dsv
[0.053s] -- Up-to-date symlink: /home/chumohod/IJKbot/install/sts3215_driver/share/sts3215_driver/environment/path.sh
[0.054s] -- Up-to-date symlink: /home/chumohod/IJKbot/install/sts3215_driver/share/sts3215_driver/environment/path.dsv
[0.054s] -- Up-to-date symlink: /home/chumohod/IJKbot/install/sts3215_driver/share/sts3215_driver/local_setup.bash
[0.054s] -- Up-to-date symlink: /home/chumohod/IJKbot/install/sts3215_driver/share/sts3215_driver/local_setup.sh
[0.054s] -- Up-to-date symlink: /home/chumohod/IJKbot/install/sts3215_driver/share/sts3215_driver/local_setup.zsh
[0.054s] -- Up-to-date symlink: /home/chumohod/IJKbot/install/sts3215_driver/share/sts3215_driver/local_setup.dsv
[0.054s] -- Symlinking: /home/chumohod/IJKbot/install/sts3215_driver/share/sts3215_driver/package.dsv
[0.057s] -- Up-to-date symlink: /home/chumohod/IJKbot/install/sts3215_driver/share/ament_index/resource_index/packages/sts3215_driver
[0.057s] -- Up-to-date symlink: /home/chumohod/IJKbot/install/sts3215_driver/share/sts3215_driver/cmake/sts3215_driverConfig.cmake
[0.057s] -- Up-to-date symlink: /home/chumohod/IJKbot/install/sts3215_driver/share/sts3215_driver/cmake/sts3215_driverConfig-version.cmake
[0.057s] -- Up-to-date symlink: /home/chumohod/IJKbot/install/sts3215_driver/share/sts3215_driver/package.xml
[0.058s] Invoked command in '/home/chumohod/IJKbot/build/sts3215_driver' returned '0': CMAKE_PREFIX_PATH=${CMAKE_PREFIX_PATH}:/opt/ros/jazzy DEBUGINFOD_URLS=https://debuginfod.ubuntu.com /opt/st/stm32cubeclt_1.22.0/CMake/bin/cmake --install /home/chumohod/IJKbot/build/sts3215_driver
