[0mCMake Deprecation Warning at CMakeLists.txt:1 (cmake_minimum_required):
  Compatibility with CMake < 3.10 will be removed from a future version of
  CMake.

  Update the VERSION argument <min> value.  Or, use the <min>...<max> syntax
  to tell CMake that the project requires at least <min> but has been updated
  to work with policies introduced by <max> or earlier.

[0m
-- The C compiler identification is GNU 13.3.0
-- The CXX compiler identification is GNU 13.3.0
-- Detecting C compiler ABI info
-- Detecting C compiler ABI info - done
-- Check for working C compiler: /usr/bin/cc - skipped
-- Detecting C compile features
-- Detecting C compile features - done
-- Detecting CXX compiler ABI info
-- Detecting CXX compiler ABI info - done
-- Check for working CXX compiler: /usr/bin/c++ - skipped
-- Detecting CXX compile features
-- Detecting CXX compile features - done
-- Found ament_cmake: 2.5.6 (/opt/ros/jazzy/share/ament_cmake/cmake)
-- Found Python3: /usr/bin/python3 (found version "3.12.3") found components: Interpreter
-- Override CMake install command with custom implementation using symlinks instead of copying resources
-- Found rclcpp: 28.1.22 (/opt/ros/jazzy/share/rclcpp/cmake)
-- Found rosidl_generator_c: 4.6.9 (/opt/ros/jazzy/share/rosidl_generator_c/cmake)
-- Found rosidl_generator_cpp: 4.6.9 (/opt/ros/jazzy/share/rosidl_generator_cpp/cmake)
-- Using all available rosidl_typesupport_c: rosidl_typesupport_fastrtps_c;rosidl_typesupport_introspection_c
-- Using all available rosidl_typesupport_cpp: rosidl_typesupport_fastrtps_cpp;rosidl_typesupport_introspection_cpp
-- Found rmw_implementation_cmake: 7.3.3 (/opt/ros/jazzy/share/rmw_implementation_cmake/cmake)
-- Found rmw_fastrtps_cpp: 8.4.4 (/opt/ros/jazzy/share/rmw_fastrtps_cpp/cmake)
-- Found OpenSSL: /usr/lib/x86_64-linux-gnu/libcrypto.so (found version "3.0.13")
-- Found FastRTPS: /opt/ros/jazzy/include (Required is at least version "2.13")
-- Using RMW implementation 'rmw_fastrtps_cpp' as default
-- Found geometry_msgs: 5.3.8 (/opt/ros/jazzy/share/geometry_msgs/cmake)
-- Configuring done (1.1s)
-- Generating done (0.0s)
-- Build files have been written to: /home/chumohod/IJKbot/build/sts3215_driver
[ 75%] [32mBuilding CXX object CMakeFiles/sts3215_node.dir/src/node.cpp.o[0m
[ 75%] [32mBuilding CXX object CMakeFiles/sts3215_node.dir/src/serial.cpp.o[0m
[ 75%] [32mBuilding CXX object CMakeFiles/sts3215_node.dir/src/sts3215.cpp.o[0m
[100%] [1m[32mLinking CXX executable sts3215_node[0m
[100%] Built target sts3215_node
-- Install configuration: ""
-- Execute custom install script
-- Symlinking: /home/chumohod/IJKbot/install/sts3215_driver/lib/sts3215_driver/sts3215_node
-- Symlinking: /home/chumohod/IJKbot/install/sts3215_driver/share/ament_index/resource_index/package_run_dependencies/sts3215_driver
-- Symlinking: /home/chumohod/IJKbot/install/sts3215_driver/share/ament_index/resource_index/parent_prefix_path/sts3215_driver
-- Symlinking: /home/chumohod/IJKbot/install/sts3215_driver/share/sts3215_driver/environment/ament_prefix_path.sh
-- Symlinking: /home/chumohod/IJKbot/install/sts3215_driver/share/sts3215_driver/environment/ament_prefix_path.dsv
-- Symlinking: /home/chumohod/IJKbot/install/sts3215_driver/share/sts3215_driver/environment/path.sh
-- Symlinking: /home/chumohod/IJKbot/install/sts3215_driver/share/sts3215_driver/environment/path.dsv
-- Symlinking: /home/chumohod/IJKbot/install/sts3215_driver/share/sts3215_driver/local_setup.bash
-- Symlinking: /home/chumohod/IJKbot/install/sts3215_driver/share/sts3215_driver/local_setup.sh
-- Symlinking: /home/chumohod/IJKbot/install/sts3215_driver/share/sts3215_driver/local_setup.zsh
-- Symlinking: /home/chumohod/IJKbot/install/sts3215_driver/share/sts3215_driver/local_setup.dsv
-- Symlinking: /home/chumohod/IJKbot/install/sts3215_driver/share/sts3215_driver/package.dsv
-- Symlinking: /home/chumohod/IJKbot/install/sts3215_driver/share/ament_index/resource_index/packages/sts3215_driver
-- Symlinking: /home/chumohod/IJKbot/install/sts3215_driver/share/sts3215_driver/cmake/sts3215_driverConfig.cmake
-- Symlinking: /home/chumohod/IJKbot/install/sts3215_driver/share/sts3215_driver/cmake/sts3215_driverConfig-version.cmake
-- Symlinking: /home/chumohod/IJKbot/install/sts3215_driver/share/sts3215_driver/package.xml
