[0.010s] Invoking command in '/home/chumohod/IJKbot/build/sts3215_driver': CMAKE_PREFIX_PATH=${CMAKE_PREFIX_PATH}:/opt/ros/jazzy DEBUGINFOD_URLS=https://debuginfod.ubuntu.com /opt/st/stm32cubeclt_1.22.0/CMake/bin/cmake /home/chumohod/IJKbot/sts3215_driver -DAMENT_CMAKE_SYMLINK_INSTALL=1 -DCMAKE_INSTALL_PREFIX=/home/chumohod/IJKbot/install/sts3215_driver
[0.014s] [0mCMake Deprecation Warning at CMakeLists.txt:1 (cmake_minimum_required):
[0.014s]   Compatibility with CMake < 3.10 will be removed from a future version of
[0.014s]   CMake.
[0.014s] 
[0.014s]   Update the VERSION argument <min> value.  Or, use the <min>...<max> syntax
[0.014s]   to tell CMake that the project requires at least <min> but has been updated
[0.015s]   to work with policies introduced by <max> or earlier.
[0.015s] 
[0.015s] [0m
[0.056s] -- The C compiler identification is GNU 13.3.0
[0.116s] -- The CXX compiler identification is GNU 13.3.0
[0.124s] -- Detecting C compiler ABI info
[0.172s] -- Detecting C compiler ABI info - done
[0.185s] -- Check for working C compiler: /usr/bin/cc - skipped
[0.186s] -- Detecting C compile features
[0.186s] -- Detecting C compile features - done
[0.198s] -- Detecting CXX compiler ABI info
[0.254s] -- Detecting CXX compiler ABI info - done
[0.268s] -- Check for working CXX compiler: /usr/bin/c++ - skipped
[0.268s] -- Detecting CXX compile features
[0.269s] -- Detecting CXX compile features - done
[0.278s] -- Found ament_cmake: 2.5.6 (/opt/ros/jazzy/share/ament_cmake/cmake)
[0.481s] -- Found Python3: /usr/bin/python3 (found version "3.12.3") found components: Interpreter
[0.542s] -- Override CMake install command with custom implementation using symlinks instead of copying resources
[0.578s] -- Found rclcpp: 28.1.22 (/opt/ros/jazzy/share/rclcpp/cmake)
[0.619s] -- Found rosidl_generator_c: 4.6.9 (/opt/ros/jazzy/share/rosidl_generator_c/cmake)
[0.634s] -- Found rosidl_generator_cpp: 4.6.9 (/opt/ros/jazzy/share/rosidl_generator_cpp/cmake)
[0.651s] -- Using all available rosidl_typesupport_c: rosidl_typesupport_fastrtps_c;rosidl_typesupport_introspection_c
[0.671s] -- Using all available rosidl_typesupport_cpp: rosidl_typesupport_fastrtps_cpp;rosidl_typesupport_introspection_cpp
[0.758s] -- Found rmw_implementation_cmake: 7.3.3 (/opt/ros/jazzy/share/rmw_implementation_cmake/cmake)
[0.761s] -- Found rmw_fastrtps_cpp: 8.4.4 (/opt/ros/jazzy/share/rmw_fastrtps_cpp/cmake)
[0.841s] -- Found OpenSSL: /usr/lib/x86_64-linux-gnu/libcrypto.so (found version "3.0.13")
[0.865s] -- Found FastRTPS: /opt/ros/jazzy/include (Required is at least version "2.13")
[0.890s] -- Using RMW implementation 'rmw_fastrtps_cpp' as default
[0.981s] -- Found geometry_msgs: 5.3.8 (/opt/ros/jazzy/share/geometry_msgs/cmake)
[1.085s] -- Configuring done (1.1s)
[1.096s] -- Generating done (0.0s)
[1.118s] -- Build files have been written to: /home/chumohod/IJKbot/build/sts3215_driver
[1.131s] Invoked command in '/home/chumohod/IJKbot/build/sts3215_driver' returned '0': CMAKE_PREFIX_PATH=${CMAKE_PREFIX_PATH}:/opt/ros/jazzy DEBUGINFOD_URLS=https://debuginfod.ubuntu.com /opt/st/stm32cubeclt_1.22.0/CMake/bin/cmake /home/chumohod/IJKbot/sts3215_driver -DAMENT_CMAKE_SYMLINK_INSTALL=1 -DCMAKE_INSTALL_PREFIX=/home/chumohod/IJKbot/install/sts3215_driver
[1.132s] Invoking command in '/home/chumohod/IJKbot/build/sts3215_driver': CMAKE_PREFIX_PATH=${CMAKE_PREFIX_PATH}:/opt/ros/jazzy DEBUGINFOD_URLS=https://debuginfod.ubuntu.com /opt/st/stm32cubeclt_1.22.0/CMake/bin/cmake --build /home/chumohod/IJKbot/build/sts3215_driver -- -j16 -l16
[1.154s] [ 75%] [32mBuilding CXX object CMakeFiles/sts3215_node.dir/src/node.cpp.o[0m
[1.154s] [ 75%] [32mBuilding CXX object CMakeFiles/sts3215_node.dir/src/serial.cpp.o[0m
[1.154s] [ 75%] [32mBuilding CXX object CMakeFiles/sts3215_node.dir/src/sts3215.cpp.o[0m
[3.524s] [100%] [1m[32mLinking CXX executable sts3215_node[0m
[3.612s] [100%] Built target sts3215_node
[3.617s] Invoked command in '/home/chumohod/IJKbot/build/sts3215_driver' returned '0': CMAKE_PREFIX_PATH=${CMAKE_PREFIX_PATH}:/opt/ros/jazzy DEBUGINFOD_URLS=https://debuginfod.ubuntu.com /opt/st/stm32cubeclt_1.22.0/CMake/bin/cmake --build /home/chumohod/IJKbot/build/sts3215_driver -- -j16 -l16
[3.620s] Invoking command in '/home/chumohod/IJKbot/build/sts3215_driver': CMAKE_PREFIX_PATH=${CMAKE_PREFIX_PATH}:/opt/ros/jazzy DEBUGINFOD_URLS=https://debuginfod.ubuntu.com /opt/st/stm32cubeclt_1.22.0/CMake/bin/cmake --install /home/chumohod/IJKbot/build/sts3215_driver
[3.622s] -- Install configuration: ""
[3.622s] -- Execute custom install script
[3.623s] -- Symlinking: /home/chumohod/IJKbot/install/sts3215_driver/lib/sts3215_driver/sts3215_node
[3.625s] -- Symlinking: /home/chumohod/IJKbot/install/sts3215_driver/share/ament_index/resource_index/package_run_dependencies/sts3215_driver
[3.627s] -- Symlinking: /home/chumohod/IJKbot/install/sts3215_driver/share/ament_index/resource_index/parent_prefix_path/sts3215_driver
[3.629s] -- Symlinking: /home/chumohod/IJKbot/install/sts3215_driver/share/sts3215_driver/environment/ament_prefix_path.sh
[3.631s] -- Symlinking: /home/chumohod/IJKbot/install/sts3215_driver/share/sts3215_driver/environment/ament_prefix_path.dsv
[3.633s] -- Symlinking: /home/chumohod/IJKbot/install/sts3215_driver/share/sts3215_driver/environment/path.sh
[3.635s] -- Symlinking: /home/chumohod/IJKbot/install/sts3215_driver/share/sts3215_driver/environment/path.dsv
[3.637s] -- Symlinking: /home/chumohod/IJKbot/install/sts3215_driver/share/sts3215_driver/local_setup.bash
[3.639s] -- Symlinking: /home/chumohod/IJKbot/install/sts3215_driver/share/sts3215_driver/local_setup.sh
[3.641s] -- Symlinking: /home/chumohod/IJKbot/install/sts3215_driver/share/sts3215_driver/local_setup.zsh
[3.643s] -- Symlinking: /home/chumohod/IJKbot/install/sts3215_driver/share/sts3215_driver/local_setup.dsv
[3.645s] -- Symlinking: /home/chumohod/IJKbot/install/sts3215_driver/share/sts3215_driver/package.dsv
[3.647s] -- Symlinking: /home/chumohod/IJKbot/install/sts3215_driver/share/ament_index/resource_index/packages/sts3215_driver
[3.650s] -- Symlinking: /home/chumohod/IJKbot/install/sts3215_driver/share/sts3215_driver/cmake/sts3215_driverConfig.cmake
[3.652s] -- Symlinking: /home/chumohod/IJKbot/install/sts3215_driver/share/sts3215_driver/cmake/sts3215_driverConfig-version.cmake
[3.654s] -- Symlinking: /home/chumohod/IJKbot/install/sts3215_driver/share/sts3215_driver/package.xml
[3.657s] Invoked command in '/home/chumohod/IJKbot/build/sts3215_driver' returned '0': CMAKE_PREFIX_PATH=${CMAKE_PREFIX_PATH}:/opt/ros/jazzy DEBUGINFOD_URLS=https://debuginfod.ubuntu.com /opt/st/stm32cubeclt_1.22.0/CMake/bin/cmake --install /home/chumohod/IJKbot/build/sts3215_driver
