[0.080s] DEBUG:colcon:Command line arguments: ['/usr/bin/colcon', 'build', '--symlink-install', '--packages-select', 'sts3215_driver']
[0.080s] DEBUG:colcon:Parsed command line arguments: Namespace(log_base=None, log_level=None, verb_name='build', build_base='build', install_base='install', merge_install=False, symlink_install=True, test_result_base=None, continue_on_error=False, executor='parallel', parallel_workers=16, event_handlers=None, ignore_user_meta=False, metas=['./colcon.meta'], base_paths=['.'], packages_ignore=None, packages_ignore_regex=None, paths=None, packages_up_to=None, packages_up_to_regex=None, packages_above=None, packages_above_and_dependencies=None, packages_above_depth=None, packages_select_by_dep=None, packages_skip_by_dep=None, packages_skip_up_to=None, packages_select_build_failed=False, packages_skip_build_finished=False, packages_select_test_failures=False, packages_skip_test_passed=False, packages_select=['sts3215_driver'], packages_skip=None, packages_select_regex=None, packages_skip_regex=None, packages_start=None, packages_end=None, cmake_args=None, cmake_target=None, cmake_target_skip_unavailable=False, cmake_clean_cache=False, cmake_clean_first=False, cmake_force_configure=False, ament_cmake_args=None, catkin_cmake_args=None, catkin_skip_building_tests=False, verb_parser=<colcon_defaults.argument_parser.defaults.DefaultArgumentsDecorator object at 0x76ec25ff4e00>, verb_extension=<colcon_core.verb.build.BuildVerb object at 0x76ec2613d100>, main=<bound method BuildVerb.main of <colcon_core.verb.build.BuildVerb object at 0x76ec2613d100>>)
[0.111s] Level 1:colcon.colcon_core.package_discovery:discover_packages(colcon_meta) check parameters
[0.111s] Level 1:colcon.colcon_core.package_discovery:discover_packages(recursive) check parameters
[0.111s] Level 1:colcon.colcon_core.package_discovery:discover_packages(ignore) check parameters
[0.111s] Level 1:colcon.colcon_core.package_discovery:discover_packages(path) check parameters
[0.111s] Level 1:colcon.colcon_core.package_discovery:discover_packages(colcon_meta) discover
[0.111s] Level 1:colcon.colcon_core.package_discovery:discover_packages(recursive) discover
[0.111s] INFO:colcon.colcon_core.package_discovery:Crawling recursively for packages in '/home/chumohod/IJKbot'
[0.111s] Level 1:colcon.colcon_core.package_identification:_identify(.) by extensions ['ignore', 'ignore_ament_install']
[0.111s] Level 1:colcon.colcon_core.package_identification:_identify(.) by extension 'ignore'
[0.111s] Level 1:colcon.colcon_core.package_identification:_identify(.) by extension 'ignore_ament_install'
[0.112s] Level 1:colcon.colcon_core.package_identification:_identify(.) by extensions ['colcon_pkg']
[0.112s] Level 1:colcon.colcon_core.package_identification:_identify(.) by extension 'colcon_pkg'
[0.112s] Level 1:colcon.colcon_core.package_identification:_identify(.) by extensions ['colcon_meta']
[0.112s] Level 1:colcon.colcon_core.package_identification:_identify(.) by extension 'colcon_meta'
[0.112s] Level 1:colcon.colcon_core.package_identification:_identify(.) by extensions ['ros']
[0.112s] Level 1:colcon.colcon_core.package_identification:_identify(.) by extension 'ros'
[0.131s] Level 1:colcon.colcon_core.package_identification:_identify(.) by extensions ['cmake', 'python']
[0.131s] Level 1:colcon.colcon_core.package_identification:_identify(.) by extension 'cmake'
[0.131s] Level 1:colcon.colcon_core.package_identification:_identify(.) by extension 'python'
[0.131s] Level 1:colcon.colcon_core.package_identification:_identify(.) by extensions ['python_setup_py']
[0.131s] Level 1:colcon.colcon_core.package_identification:_identify(.) by extension 'python_setup_py'
[0.131s] Level 1:colcon.colcon_core.package_identification:_identify(build) by extensions ['ignore', 'ignore_ament_install']
[0.131s] Level 1:colcon.colcon_core.package_identification:_identify(build) by extension 'ignore'
[0.131s] Level 1:colcon.colcon_core.package_identification:_identify(build) ignored
[0.131s] Level 1:colcon.colcon_core.package_identification:_identify(install) by extensions ['ignore', 'ignore_ament_install']
[0.131s] Level 1:colcon.colcon_core.package_identification:_identify(install) by extension 'ignore'
[0.131s] Level 1:colcon.colcon_core.package_identification:_identify(install) ignored
[0.131s] Level 1:colcon.colcon_core.package_identification:_identify(log) by extensions ['ignore', 'ignore_ament_install']
[0.131s] Level 1:colcon.colcon_core.package_identification:_identify(log) by extension 'ignore'
[0.131s] Level 1:colcon.colcon_core.package_identification:_identify(log) ignored
[0.132s] Level 1:colcon.colcon_core.package_identification:_identify(sts3215_driver) by extensions ['ignore', 'ignore_ament_install']
[0.132s] Level 1:colcon.colcon_core.package_identification:_identify(sts3215_driver) by extension 'ignore'
[0.132s] Level 1:colcon.colcon_core.package_identification:_identify(sts3215_driver) by extension 'ignore_ament_install'
[0.132s] Level 1:colcon.colcon_core.package_identification:_identify(sts3215_driver) by extensions ['colcon_pkg']
[0.132s] Level 1:colcon.colcon_core.package_identification:_identify(sts3215_driver) by extension 'colcon_pkg'
[0.132s] Level 1:colcon.colcon_core.package_identification:_identify(sts3215_driver) by extensions ['colcon_meta']
[0.132s] Level 1:colcon.colcon_core.package_identification:_identify(sts3215_driver) by extension 'colcon_meta'
[0.132s] Level 1:colcon.colcon_core.package_identification:_identify(sts3215_driver) by extensions ['ros']
[0.132s] Level 1:colcon.colcon_core.package_identification:_identify(sts3215_driver) by extension 'ros'
[0.134s] DEBUG:colcon.colcon_core.package_identification:Package 'sts3215_driver' with type 'ros.ament_cmake' and name 'sts3215_driver'
[0.134s] Level 1:colcon.colcon_core.package_discovery:discover_packages(recursive) using defaults
[0.134s] Level 1:colcon.colcon_core.package_discovery:discover_packages(ignore) discover
[0.134s] Level 1:colcon.colcon_core.package_discovery:discover_packages(ignore) using defaults
[0.134s] Level 1:colcon.colcon_core.package_discovery:discover_packages(path) discover
[0.134s] Level 1:colcon.colcon_core.package_discovery:discover_packages(path) using defaults
[0.148s] Level 5:colcon.colcon_core.verb:set package 'sts3215_driver' build argument 'cmake_args' from command line to 'None'
[0.148s] Level 5:colcon.colcon_core.verb:set package 'sts3215_driver' build argument 'cmake_target' from command line to 'None'
[0.148s] Level 5:colcon.colcon_core.verb:set package 'sts3215_driver' build argument 'cmake_target_skip_unavailable' from command line to 'False'
[0.148s] Level 5:colcon.colcon_core.verb:set package 'sts3215_driver' build argument 'cmake_clean_cache' from command line to 'False'
[0.148s] Level 5:colcon.colcon_core.verb:set package 'sts3215_driver' build argument 'cmake_clean_first' from command line to 'False'
[0.148s] Level 5:colcon.colcon_core.verb:set package 'sts3215_driver' build argument 'cmake_force_configure' from command line to 'False'
[0.148s] Level 5:colcon.colcon_core.verb:set package 'sts3215_driver' build argument 'ament_cmake_args' from command line to 'None'
[0.148s] Level 5:colcon.colcon_core.verb:set package 'sts3215_driver' build argument 'catkin_cmake_args' from command line to 'None'
[0.149s] Level 5:colcon.colcon_core.verb:set package 'sts3215_driver' build argument 'catkin_skip_building_tests' from command line to 'False'
[0.149s] DEBUG:colcon.colcon_core.verb:Building package 'sts3215_driver' with the following arguments: {'ament_cmake_args': None, 'build_base': '/home/chumohod/IJKbot/build/sts3215_driver', 'catkin_cmake_args': None, 'catkin_skip_building_tests': False, 'cmake_args': None, 'cmake_clean_cache': False, 'cmake_clean_first': False, 'cmake_force_configure': False, 'cmake_target': None, 'cmake_target_skip_unavailable': False, 'install_base': '/home/chumohod/IJKbot/install/sts3215_driver', 'merge_install': False, 'path': '/home/chumohod/IJKbot/sts3215_driver', 'symlink_install': True, 'test_result_base': None}
[0.149s] INFO:colcon.colcon_core.executor:Executing jobs using 'parallel' executor
[0.149s] DEBUG:colcon.colcon_parallel_executor.executor.parallel:run_until_complete
[0.149s] INFO:colcon.colcon_ros.task.ament_cmake.build:Building ROS package in '/home/chumohod/IJKbot/sts3215_driver' with build type 'ament_cmake'
[0.150s] INFO:colcon.colcon_cmake.task.cmake.build:Building CMake package in '/home/chumohod/IJKbot/sts3215_driver'
[0.151s] INFO:colcon.colcon_core.plugin_system:Skipping extension 'colcon_core.shell.bat': Not used on non-Windows systems
[0.151s] DEBUG:colcon.colcon_core.shell:Skip shell extension 'dsv' for command environment
[0.159s] DEBUG:colcon.colcon_core.event_handler.log_command:Invoking command in '/home/chumohod/IJKbot/build/sts3215_driver': CMAKE_PREFIX_PATH=${CMAKE_PREFIX_PATH}:/opt/ros/jazzy DEBUGINFOD_URLS=https://debuginfod.ubuntu.com /opt/st/stm32cubeclt_1.22.0/CMake/bin/cmake --build /home/chumohod/IJKbot/build/sts3215_driver -- -j16 -l16
[0.197s] DEBUG:colcon.colcon_core.event_handler.log_command:Invoked command in '/home/chumohod/IJKbot/build/sts3215_driver' returned '0': CMAKE_PREFIX_PATH=${CMAKE_PREFIX_PATH}:/opt/ros/jazzy DEBUGINFOD_URLS=https://debuginfod.ubuntu.com /opt/st/stm32cubeclt_1.22.0/CMake/bin/cmake --build /home/chumohod/IJKbot/build/sts3215_driver -- -j16 -l16
[0.200s] DEBUG:colcon.colcon_core.event_handler.log_command:Invoking command in '/home/chumohod/IJKbot/build/sts3215_driver': CMAKE_PREFIX_PATH=${CMAKE_PREFIX_PATH}:/opt/ros/jazzy DEBUGINFOD_URLS=https://debuginfod.ubuntu.com /opt/st/stm32cubeclt_1.22.0/CMake/bin/cmake --install /home/chumohod/IJKbot/build/sts3215_driver
[0.208s] Level 1:colcon.colcon_core.environment:create_environment_scripts_only(sts3215_driver)
[0.208s] DEBUG:colcon.colcon_core.event_handler.log_command:Invoked command in '/home/chumohod/IJKbot/build/sts3215_driver' returned '0': CMAKE_PREFIX_PATH=${CMAKE_PREFIX_PATH}:/opt/ros/jazzy DEBUGINFOD_URLS=https://debuginfod.ubuntu.com /opt/st/stm32cubeclt_1.22.0/CMake/bin/cmake --install /home/chumohod/IJKbot/build/sts3215_driver
[0.210s] Level 1:colcon.colcon_core.environment:checking '/home/chumohod/IJKbot/install/sts3215_driver' for CMake module files
[0.210s] Level 1:colcon.colcon_core.environment:checking '/home/chumohod/IJKbot/install/sts3215_driver' for CMake config files
[0.210s] Level 1:colcon.colcon_core.shell:create_environment_hook('sts3215_driver', 'cmake_prefix_path')
[0.210s] INFO:colcon.colcon_core.shell:Creating environment descriptor '/home/chumohod/IJKbot/install/sts3215_driver/share/sts3215_driver/hook/cmake_prefix_path.dsv'
[0.211s] INFO:colcon.colcon_core.shell:Creating environment hook '/home/chumohod/IJKbot/install/sts3215_driver/share/sts3215_driver/hook/cmake_prefix_path.sh'
[0.212s] Level 1:colcon.colcon_core.environment:checking '/home/chumohod/IJKbot/install/sts3215_driver/lib'
[0.212s] Level 1:colcon.colcon_core.environment:checking '/home/chumohod/IJKbot/install/sts3215_driver/bin'
[0.212s] Level 1:colcon.colcon_core.environment:checking '/home/chumohod/IJKbot/install/sts3215_driver/lib/pkgconfig/sts3215_driver.pc'
[0.213s] Level 1:colcon.colcon_core.environment:checking '/home/chumohod/IJKbot/install/sts3215_driver/lib/python3.12/site-packages'
[0.213s] Level 1:colcon.colcon_core.environment:checking '/home/chumohod/IJKbot/install/sts3215_driver/bin'
[0.213s] INFO:colcon.colcon_core.shell:Creating package descriptor '/home/chumohod/IJKbot/install/sts3215_driver/share/sts3215_driver/package.dsv'
[0.213s] INFO:colcon.colcon_core.shell:Creating package script '/home/chumohod/IJKbot/install/sts3215_driver/share/sts3215_driver/package.sh'
[0.214s] INFO:colcon.colcon_core.shell:Creating package script '/home/chumohod/IJKbot/install/sts3215_driver/share/sts3215_driver/package.bash'
[0.214s] INFO:colcon.colcon_core.shell:Creating package script '/home/chumohod/IJKbot/install/sts3215_driver/share/sts3215_driver/package.zsh'
[0.215s] Level 1:colcon.colcon_core.environment:create_file_with_runtime_dependencies(/home/chumohod/IJKbot/install/sts3215_driver/share/colcon-core/packages/sts3215_driver)
[0.215s] Level 1:colcon.colcon_core.environment:create_environment_scripts_only(sts3215_driver)
[0.215s] Level 1:colcon.colcon_core.environment:checking '/home/chumohod/IJKbot/install/sts3215_driver' for CMake module files
[0.216s] Level 1:colcon.colcon_core.environment:checking '/home/chumohod/IJKbot/install/sts3215_driver' for CMake config files
[0.216s] Level 1:colcon.colcon_core.shell:create_environment_hook('sts3215_driver', 'cmake_prefix_path')
[0.216s] INFO:colcon.colcon_core.shell:Creating environment descriptor '/home/chumohod/IJKbot/install/sts3215_driver/share/sts3215_driver/hook/cmake_prefix_path.dsv'
[0.216s] INFO:colcon.colcon_core.shell:Creating environment hook '/home/chumohod/IJKbot/install/sts3215_driver/share/sts3215_driver/hook/cmake_prefix_path.sh'
[0.217s] Level 1:colcon.colcon_core.environment:checking '/home/chumohod/IJKbot/install/sts3215_driver/lib'
[0.217s] Level 1:colcon.colcon_core.environment:checking '/home/chumohod/IJKbot/install/sts3215_driver/bin'
[0.217s] Level 1:colcon.colcon_core.environment:checking '/home/chumohod/IJKbot/install/sts3215_driver/lib/pkgconfig/sts3215_driver.pc'
[0.217s] Level 1:colcon.colcon_core.environment:checking '/home/chumohod/IJKbot/install/sts3215_driver/lib/python3.12/site-packages'
[0.217s] Level 1:colcon.colcon_core.environment:checking '/home/chumohod/IJKbot/install/sts3215_driver/bin'
[0.217s] INFO:colcon.colcon_core.shell:Creating package descriptor '/home/chumohod/IJKbot/install/sts3215_driver/share/sts3215_driver/package.dsv'
[0.218s] INFO:colcon.colcon_core.shell:Creating package script '/home/chumohod/IJKbot/install/sts3215_driver/share/sts3215_driver/package.sh'
[0.218s] INFO:colcon.colcon_core.shell:Creating package script '/home/chumohod/IJKbot/install/sts3215_driver/share/sts3215_driver/package.bash'
[0.218s] INFO:colcon.colcon_core.shell:Creating package script '/home/chumohod/IJKbot/install/sts3215_driver/share/sts3215_driver/package.zsh'
[0.219s] Level 1:colcon.colcon_core.environment:create_file_with_runtime_dependencies(/home/chumohod/IJKbot/install/sts3215_driver/share/colcon-core/packages/sts3215_driver)
[0.219s] DEBUG:colcon.colcon_parallel_executor.executor.parallel:closing loop
[0.219s] DEBUG:colcon.colcon_parallel_executor.executor.parallel:loop closed
[0.219s] DEBUG:colcon.colcon_parallel_executor.executor.parallel:run_until_complete finished with '0'
[0.219s] DEBUG:colcon.colcon_core.event_reactor:joining thread
[0.225s] INFO:colcon.colcon_core.plugin_system:Skipping extension 'colcon_notification.desktop_notification.terminal_notifier': Not used on non-Darwin systems
[0.225s] INFO:colcon.colcon_core.plugin_system:Skipping extension 'colcon_notification.desktop_notification.win32': Not used on non-Windows systems
[0.225s] INFO:colcon.colcon_notification.desktop_notification:Sending desktop notification using 'notify2'
[0.225s] DEBUG:colcon.colcon_notification.desktop_notification.notify2:Failed to initialize notify2: org.freedesktop.DBus.Error.AccessDenied: Failed to connect to socket /run/user/1000/bus: Operation not permitted
[0.225s] DEBUG:colcon.colcon_core.event_reactor:joined thread
[0.225s] INFO:colcon.colcon_core.shell:Creating prefix script '/home/chumohod/IJKbot/install/local_setup.sh'
[0.226s] INFO:colcon.colcon_core.shell:Creating prefix util module '/home/chumohod/IJKbot/install/_local_setup_util_sh.py'
[0.226s] INFO:colcon.colcon_core.shell:Creating prefix chain script '/home/chumohod/IJKbot/install/setup.sh'
[0.227s] INFO:colcon.colcon_core.shell:Creating prefix script '/home/chumohod/IJKbot/install/local_setup.bash'
[0.227s] INFO:colcon.colcon_core.shell:Creating prefix chain script '/home/chumohod/IJKbot/install/setup.bash'
[0.228s] INFO:colcon.colcon_core.shell:Creating prefix script '/home/chumohod/IJKbot/install/local_setup.zsh'
[0.228s] INFO:colcon.colcon_core.shell:Creating prefix chain script '/home/chumohod/IJKbot/install/setup.zsh'
